Initializing LiveReload
DevSocket initialized
Server listening on 0.0.0.0:8095
Rebuilding Framework Directories
Changed: /directory.json /framework/directory.json → 0 sockets.
req.path /framework/ext/tabs/
Rebuilding Framework Directories
Changed: /imagine/paging/build/readme.md /directory.json /framework/directory.json → 0 sockets.
Rebuilding Framework Directories
Changed: /directory.json /framework/directory.json → 0 sockets.
Changed: /imagine/codrops/readme.md → 0 sockets.
Changed: /imagine/codrops/readme.md → 0 sockets.
Rebuilding Framework Directories
Changed: /framework/ai/2026-09-05/ux-screens/requirements.md /directory.json /framework/directory.json → 0 sockets.
Rebuilding Framework Directories
Rebuilding Framework Directories
Changed: /framework/ai/2026-09-05/codrops-2/shots/circle-reveal-before.png /framework/ai/2026-09-05/codrops-2/shots/circle-reveal-after-click.png /framework/ai/2026-09-05/codrops-2/shots/sticky-stack-before.png /framework/ai/2026-09-05/codrops-2/shots/sticky-stack-mid-scroll.png /framework/ai/2026-09-05/codrops-2/shots/type-shuffle-before.png /directory.json /framework/directory.json /framework/ai/2026-09-05/codrops-2/shots/type-shuffle-mid-glitch.png /framework/ai/2026-09-05/codrops-2/shots/reduced-motion-circle-reveal.png /framework/ai/2026-09-05/codrops-2/shots/reduced-motion-sticky-stack.png /framework/ai/2026-09-05/codrops-2/shots/reduced-motion-type-shuffle.png → 0 sockets.
Rebuilding Framework Directories
Changed: /framework/ai/2026-09-05/ux-design/shots/before-1280.jpg /directory.json /framework/directory.json → 0 sockets.
Rebuilding Framework Directories
Changed: /directory.json /framework/directory.json → 0 sockets.
Rebuilding Framework Directories
Changed: /directory.json /framework/directory.json → 0 sockets.
Rebuilding Framework Directories
Changed: /framework/ai/2026-09-05/ux-screens/shots/before-1280.jpg /directory.json /framework/directory.json → 0 sockets.
Rebuilding Framework Directories
Changed: /framework/ai/2026-09-05/ux-screens/shots/before-3440.jpg /directory.json /framework/directory.json → 0 sockets.
Rebuilding Framework Directories
Changed: /framework/ai/2026-09-05/ux-gallery/shots/before-1280.jpg /directory.json /framework/directory.json → 0 sockets.
Rebuilding Framework Directories
Changed: /framework/ai/2026-09-05/ux-gallery/shots/before-3440.jpg /directory.json /framework/directory.json → 0 sockets.
Changed: /imagine/paging/build/build.css → 0 sockets.
Changed: /framework/ai/2026-09-05/ux-design/shots/before-1280.jpg → 0 sockets.
Rebuilding Framework Directories
Changed: /framework/ai/2026-09-05/ux-design/shots/before-3440.jpg /directory.json /framework/directory.json → 0 sockets.
req.path /framework/ext/Panel/
req.path /framework/core/Page/
req.path /imagine/mag/
req.path /imagine/paging/mechanisms/swap/
req.path /framework/ext/tabs/
Changed: /framework/ai/2026-09-05/ux-gallery/shots/before-1280.jpg → 0 sockets.
Changed: /framework/ai/2026-09-05/ux-gallery/shots/before-3440.jpg → 0 sockets.
Changed: /framework/ext/tabs/tabs.css → 0 sockets.
Rebuilding Framework Directories
Changed: /framework/ai/2026-09-05/page-builder-ux/builder-1280.png /framework/ai/2026-09-05/page-builder-ux/builder-3440.png /directory.json /framework/directory.json → 0 sockets.
Changed: /imagine/paging/build/page.js → 0 sockets.
Changed: /imagine/paging/build/page.js → 0 sockets.
Rebuilding Framework Directories
Changed: /framework/ai/2026-09-05/codrops/round-3.md /directory.json /framework/directory.json → 0 sockets.
req.path /framework/ext/Panel/
Runtime constructor
Runtime initialized
New socket initialized
Socket message { method: 'hello', args: [ '/framework/ext/Panel/', '4b76effa' ] }
RPC: hello
Socket message { method: 'hello', args: [ '/framework/ext/Panel/' ] }
RPC: hello
req.path /framework/ext/Panel/
Changed: /imagine/cms/page.js → 0 sockets.
Runtime constructor
Runtime initialized
New socket initialized
Socket message { method: 'hello', args: [ '/framework/ext/Panel/', '151861a2' ] }
RPC: hello
Socket message { method: 'hello', args: [ '/framework/ext/Panel/' ] }
RPC: hello
req.path /framework/core/Page/
Runtime constructor
Runtime initialized
New socket initialized
Socket message { method: 'hello', args: [ '/framework/core/Page/', '439c1f7e' ] }
RPC: hello
Socket message { method: 'hello', args: [ '/framework/core/Page/' ] }
RPC: hello
req.path /framework/core/Page/
Runtime constructor
Runtime initialized
New socket initialized
Socket message { method: 'hello', args: [ '/framework/core/Page/', 'f7e3b5a5' ] }
RPC: hello
Socket message { method: 'hello', args: [ '/framework/core/Page/' ] }
RPC: hello
req.path /imagine/mag/
Runtime constructor
Runtime initialized
New socket initialized
Socket message { method: 'hello', args: [ '/imagine/mag/' ] }
RPC: hello
Socket message { method: 'hello', args: [ '/imagine/mag/', 'b5c1383d' ] }
RPC: hello
req.path /imagine/mag/
Runtime constructor
Runtime initialized
New socket initialized
Socket message { method: 'hello', args: [ '/imagine/mag/' ] }
RPC: hello
Socket message { method: 'hello', args: [ '/imagine/mag/', 'c20f6660' ] }
RPC: hello
Runtime constructor
Runtime initialized
New socket initialized
Socket message { method: 'hello', args: [ '/blog/systems/layout-generators/' ] }
RPC: hello
Socket message {
  method: 'hello',
  args: [ '/blog/systems/layout-generators/', '8f5601d8' ]
}
RPC: hello
Runtime constructor
Runtime initialized
New socket initialized
Socket message { method: 'hello', args: [ '/blog/systems/layout-generators/' ] }
RPC: hello
Socket message {
  method: 'hello',
  args: [ '/blog/systems/layout-generators/', '15b35461' ]
}
RPC: hello
req.path /imagine/paging/mechanisms/swap/
Runtime constructor
Runtime initialized
New socket initialized
Socket message { method: 'hello', args: [ '/imagine/paging/mechanisms/swap/' ] }
RPC: hello
Socket message {
  method: 'hello',
  args: [ '/imagine/paging/mechanisms/swap/', '33eb4c39' ]
}
RPC: hello
req.path /imagine/paging/mechanisms/swap/
Changed: /imagine/cms/page.js → 0 sockets.
Runtime constructor
Runtime initialized
New socket initialized
Socket message { method: 'hello', args: [ '/imagine/paging/mechanisms/swap/' ] }
RPC: hello
Socket message {
  method: 'hello',
  args: [ '/imagine/paging/mechanisms/swap/', '6545e2be' ]
}
RPC: hello
req.path /framework/ext/tabs/
Runtime constructor
Runtime initialized
New socket initialized
Socket message { method: 'hello', args: [ '/framework/ext/tabs/', '6786a4a9' ] }
RPC: hello
Socket message { method: 'hello', args: [ '/framework/ext/tabs/' ] }
RPC: hello
req.path /framework/ext/tabs/
Runtime constructor
Runtime initialized
New socket initialized
Socket message { method: 'hello', args: [ '/framework/ext/tabs/', '205ebc10' ] }
RPC: hello
Socket message { method: 'hello', args: [ '/framework/ext/tabs/' ] }
RPC: hello
Changed: /framework/ext/tabs/tabs.css → 0 sockets.
req.path /framework/ext/Panel/
Runtime constructor
Runtime initialized
New socket initialized
Socket message { method: 'hello', args: [ '/framework/ext/Panel/', 'f5674848' ] }
RPC: hello
Socket message { method: 'hello', args: [ '/framework/ext/Panel/' ] }
RPC: hello
req.path /framework/ext/Panel/
Runtime constructor
Runtime initialized
New socket initialized
Socket message { method: 'hello', args: [ '/framework/ext/Panel/', 'd25461ec' ] }
RPC: hello
Socket message { method: 'hello', args: [ '/framework/ext/Panel/' ] }
RPC: hello
req.path /framework/core/Page/
Runtime constructor
Runtime initialized
New socket initialized
Socket message { method: 'hello', args: [ '/framework/core/Page/', '016daf8a' ] }
RPC: hello
Socket message { method: 'hello', args: [ '/framework/core/Page/' ] }
RPC: hello
req.path /framework/core/Page/
Runtime constructor
Runtime initialized
New socket initialized
Socket message { method: 'hello', args: [ '/framework/core/Page/', 'e9554ffd' ] }
RPC: hello
Socket message { method: 'hello', args: [ '/framework/core/Page/' ] }
RPC: hello
req.path /imagine/mag/
Runtime constructor
Runtime initialized
New socket initialized
Socket message { method: 'hello', args: [ '/imagine/mag/' ] }
RPC: hello
Socket message { method: 'hello', args: [ '/imagine/mag/', '58975bf0' ] }
RPC: hello
req.path /imagine/mag/
Runtime constructor
Runtime initialized
New socket initialized
Socket message { method: 'hello', args: [ '/imagine/mag/' ] }
RPC: hello
Socket message { method: 'hello', args: [ '/imagine/mag/', 'a60d5f92' ] }
RPC: hello
Runtime constructor
Runtime initialized
New socket initialized
Socket message { method: 'hello', args: [ '/blog/systems/layout-generators/' ] }
RPC: hello
Socket message {
  method: 'hello',
  args: [ '/blog/systems/layout-generators/', '58b43ab7' ]
}
RPC: hello
Runtime constructor
Runtime initialized
New socket initialized
Socket message { method: 'hello', args: [ '/blog/systems/layout-generators/' ] }
RPC: hello
Socket message {
  method: 'hello',
  args: [ '/blog/systems/layout-generators/', '245c1016' ]
}
RPC: hello
req.path /imagine/paging/mechanisms/swap/
Runtime constructor
Runtime initialized
New socket initialized
Socket message { method: 'hello', args: [ '/imagine/paging/mechanisms/swap/' ] }
RPC: hello
Socket message {
  method: 'hello',
  args: [ '/imagine/paging/mechanisms/swap/', '5a63bd24' ]
}
RPC: hello
req.path /imagine/paging/mechanisms/swap/
Runtime constructor
Runtime initialized
New socket initialized
Socket message { method: 'hello', args: [ '/imagine/paging/mechanisms/swap/' ] }
RPC: hello
Socket message {
  method: 'hello',
  args: [ '/imagine/paging/mechanisms/swap/', '6596ec9b' ]
}
RPC: hello
req.path /framework/ext/tabs/
Runtime constructor
Runtime initialized
New socket initialized
Socket message { method: 'hello', args: [ '/framework/ext/tabs/', '64264f4b' ] }
RPC: hello
Socket message { method: 'hello', args: [ '/framework/ext/tabs/' ] }
RPC: hello
req.path /framework/ext/tabs/
Runtime constructor
Runtime initialized
New socket initialized
Socket message { method: 'hello', args: [ '/framework/ext/tabs/', 'e5a7416f' ] }
RPC: hello
Socket message { method: 'hello', args: [ '/framework/ext/tabs/' ] }
RPC: hello
Changed: /imagine/paging/build/words.js → 0 sockets.
req.path /framework/ext/Panel/
Runtime constructor
Runtime initialized
New socket initialized
Socket message { method: 'hello', args: [ '/framework/ext/Panel/', 'dda28222' ] }
RPC: hello
Socket message { method: 'hello', args: [ '/framework/ext/Panel/' ] }
RPC: hello
Changed: /imagine/cms/page.js → 0 sockets.
req.path /framework/ext/Panel/
Runtime constructor
Runtime initialized
New socket initialized
Socket message { method: 'hello', args: [ '/framework/ext/Panel/', '1bdb7e0c' ] }
RPC: hello
Socket message { method: 'hello', args: [ '/framework/ext/Panel/' ] }
RPC: hello
Changed: /imagine/screens/page.js → 0 sockets.
Changed: /imagine/screens/screens.css → 0 sockets.
Changed: /imagine/gallery/page.js → 0 sockets.
Rebuilding Framework Directories
Changed: /framework/ai/2026-09-05/ux-screens/shots/after-1280.jpg /directory.json /framework/directory.json → 0 sockets.
Rebuilding Framework Directories
Changed: /framework/ai/2026-09-05/ux-screens/shots/after-3440.jpg /directory.json /framework/directory.json → 0 sockets.
Rebuilding Framework Directories
Changed: /framework/ai/2026-09-05/ux-gallery/shots/tabs-try-1280.jpg /directory.json /framework/directory.json → 0 sockets.
Rebuilding Framework Directories
Changed: /framework/ai/2026-09-05/ux-gallery/shots/tabs-try-3440.jpg /directory.json /framework/directory.json → 0 sockets.
Changed: /framework/styles/css-scopes.txt → 0 sockets.
Changed: /imagine/gallery/page.js → 0 sockets.
Changed: /imagine/screens/page.js → 0 sockets.
Rebuilding Framework Directories
Changed: /directory.json /framework/directory.json → 0 sockets.
req.path /framework/ext/Panel/
Runtime constructor
Runtime initialized
New socket initialized
Socket message { method: 'hello', args: [ '/framework/ext/Panel/', 'a642a107' ] }
RPC: hello
Socket message { method: 'hello', args: [ '/framework/ext/Panel/' ] }
RPC: hello
Socket message { method: 'hello', args: [ '/framework/ext/Panel/Workspace/' ] }
RPC: hello
Socket message { method: 'hello', args: [ '/framework/ext/Panel/demo/' ] }
RPC: hello
Socket message { method: 'hello', args: [ '/framework/ext/Panel/' ] }
RPC: hello
req.path /framework/ext/tabs/
Runtime constructor
Runtime initialized
New socket initialized
Socket message { method: 'hello', args: [ '/framework/ext/tabs/', 'e845c45a' ] }
RPC: hello
Socket message { method: 'hello', args: [ '/framework/ext/tabs/' ] }
RPC: hello
Changed: /imagine/paging/build/page.js → 0 sockets.
req.path /framework/ext/tabs/
Runtime constructor
Runtime initialized
New socket initialized
Socket message { method: 'hello', args: [ '/framework/ext/tabs/', 'c2102160' ] }
RPC: hello
Socket message { method: 'hello', args: [ '/framework/ext/tabs/' ] }
RPC: hello
Socket message { method: 'hello', args: [ '/framework/ext/tabs/api/' ] }
RPC: hello
Socket message { method: 'hello', args: [ '/framework/ext/tabs/doc/' ] }
RPC: hello
Socket message { method: 'hello', args: [ '/framework/ext/tabs/' ] }
RPC: hello
Changed: /imagine/screens/page.js → 0 sockets.
req.path /framework/ext/tabs/api/
Runtime constructor
Runtime initialized
New socket initialized
Socket message { method: 'hello', args: [ '/framework/ext/tabs/api/', '295e4ce4' ] }
RPC: hello
Socket message { method: 'hello', args: [ '/framework/ext/tabs/api/' ] }
RPC: hello
Rebuilding Framework Directories
Changed: /imagine/design/themes/shots/mock-wall.jpg /directory.json /framework/directory.json → 0 sockets.
req.path /framework/ext/tabs/
Runtime constructor
Runtime initialized
New socket initialized
Socket message { method: 'hello', args: [ '/framework/ext/tabs/', '916f4e3e' ] }
RPC: hello
Socket message { method: 'hello', args: [ '/framework/ext/tabs/' ] }
RPC: hello
Changed: /imagine/design/spacing/page.js → 1 sockets.
Socket message { method: 'hello', args: [ '/framework/ext/tabs/api/' ] }
RPC: hello
Socket message { method: 'hello', args: [ '/framework/ext/tabs/doc/' ] }
RPC: hello
Socket message { method: 'hello', args: [ '/framework/ext/tabs/' ] }
RPC: hello
Rebuilding Framework Directories
Changed: /imagine/gallery/lists/thumb.jpg /directory.json /framework/directory.json → 0 sockets.
Rebuilding Framework Directories
Changed: /imagine/gallery/answers/thumb.jpg /directory.json /framework/directory.json → 0 sockets.
Rebuilding Framework Directories
Changed: /imagine/gallery/cards/thumb.jpg /directory.json /framework/directory.json → 0 sockets.
Changed: /framework/ext/tabs/readme.md → 0 sockets.
Rebuilding Framework Directories
Changed: /imagine/design/design.css /directory.json /framework/directory.json → 0 sockets.
Rebuilding Framework Directories
Rebuilding Framework Directories
Changed: /imagine/gallery/lists/thumb.jpg /framework/ai/2026-09-05/codrops-3/task.jsonl.tmp.18684.1eefbebcf3a9 /directory.json /framework/directory.json → 0 sockets.
Changed: /imagine/gallery/answers/thumb.jpg → 0 sockets.
Changed: /imagine/gallery/cards/thumb.jpg → 0 sockets.
Changed: /framework/ext/tabs/doc/decisions.md → 0 sockets.
Changed: /framework/styles/css-scopes.txt → 0 sockets.
Changed: /imagine/paging/doc/builder.md → 0 sockets.
Changed: /imagine/paging/build/readme.md → 0 sockets.
Changed: /imagine/design/page.js → 0 sockets.
Rebuilding Framework Directories
Rebuilding Framework Directories
Changed: /directory.json /framework/directory.json /framework/ai/2026-09-05/tabs-panel/task.jsonl.tmp.18684.f1d4a0923af9 → 0 sockets.
Changed: /imagine/gallery/lists/thumb.jpg → 0 sockets.
Changed: /imagine/gallery/answers/thumb.jpg → 0 sockets.
Changed: /imagine/gallery/cards/thumb.jpg → 0 sockets.
Changed: /imagine/screens/page.js → 0 sockets.
Rebuilding Framework Directories
Changed: /imagine/codrops/expand-menu/expand-menu.css /directory.json /framework/directory.json → 0 sockets.
Changed: /imagine/design/page.js /imagine/screens/screens.css → 0 sockets.
Changed: /imagine/design/page.js → 0 sockets.
Changed: /imagine/paging/page.js → 0 sockets.
Changed: /imagine/design/design.css → 0 sockets.
Rebuilding Framework Directories
Changed: /imagine/codrops/expand-menu/page.js /directory.json /framework/directory.json → 0 sockets.
req.path /framework/ext/tabs/doc/decisions/
Runtime constructor
Runtime initialized
New socket initialized
Socket message {
  method: 'hello',
  args: [ '/framework/ext/tabs/doc/decisions/', 'b3ea01f2' ]
}
RPC: hello
Socket message { method: 'hello', args: [ '/framework/ext/tabs/doc/decisions/' ] }
RPC: hello
Changed: /imagine/gallery/lists/thumb.jpg → 0 sockets.
Changed: /imagine/paging/doc/page.js /framework/styles/css-scopes.txt /imagine/paging/baseline.css → 0 sockets.
Changed: /imagine/gallery/answers/thumb.jpg → 0 sockets.
Changed: /imagine/gallery/cards/thumb.jpg → 0 sockets.
req.path /framework/ext/tabs/
req.path /framework/ext/tabs/doc/decisions/
req.path /framework/ext/tabs/doc/usage/
req.path /framework/ext/tabs/doc/overflow/
Changed: /imagine/codrops/expand-menu/page.js → 0 sockets.
Changed: /imagine/screens/doc/decisions.md → 0 sockets.
Rebuilding Framework Directories
Changed: /framework/ai/2026-09-05/tabs-panel/shots/tabs-doc-1280-before.png /framework/ai/2026-09-05/tabs-panel/shots/tabs-doc-1280-after.png /framework/ai/2026-09-05/tabs-panel/shots/panel-doc-1280-before.png /framework/ai/2026-09-05/tabs-panel/shots/panel-doc-1280-after.png /directory.json /framework/directory.json → 0 sockets.
Changed: /imagine/gallery/answers/page.js → 0 sockets.
Changed: /imagine/gallery/answers/page.js → 0 sockets.
